# Find a path with Dijkstra's algorithm when
# the nodes entered are the same node, and
# an edge already exists between the node and
# itself.

created graph simpleGraph

added node A to simpleGraph

added edge 5.000 from A to A in simpleGraph

path from A to A:
total cost: 0.000