# Find a path with Dijkstra's algorithm when
# the nodes entered do not any possible valid
# path between them.

created graph simpleGraph

added node A to simpleGraph
added node B to simpleGraph
added node C to simpleGraph

added edge 5.000 from A to B in simpleGraph

path from A to C: