# Find a path with Dijkstra's algorithm when
# one of the nodes searched for is invalid.

created graph simpleGraph

added node A to simpleGraph
added node B to simpleGraph

added edge 5.000 from A to B in simpleGraph

unknown node C