# Tests that an edge can be added to two nodes within a graph when the edge already exists.

# Creates a new edge between two nodes.
created graph graph

added node A to graph
added node B to graph

added edge edgeA from A to B in graph
added edge edgeB from A to B in graph