# Tests that an edge can be added to two nodes within a graph when both nodes do exist in the graph.

# Creates a new edge between two nodes.

created graph graph

added node A to graph
added node B to graph

added edge edgeA from A to B in graph