# Tests that a graph can be created.

# Creates a new, empty graph.

created graph graph